Archive member included because of file (symbol)

/Users/alberto/Documents/Proyectos/pebble/PebbleSDK-2.2/Pebble/lib/libpebble.a(tmpZR3mVYpebble.o)
                              src/main.c.26.o (app_event_loop)

Allocating common symbols
Common symbol       size              file

time_font           0x4               src/main.c.26.o
Pebble              0x14              src/main.c.26.o
icon_text_layer     0x4               src/main.c.26.o
date_layer          0x4               src/main.c.26.o
battery_level_layer
                    0x4               src/main.c.26.o
street_font         0x4               src/main.c.26.o
street_layer        0x4               src/main.c.26.o
city_font           0x4               src/main.c.26.o
icomoon_font        0x4               src/main.c.26.o
time_layer          0x4               src/main.c.26.o
rain_layer          0x4               src/main.c.26.o
meteocons_font      0x4               src/main.c.26.o
temp_layer          0x4               src/main.c.26.o
temperature_font    0x4               src/main.c.26.o
moon_layer          0x4               src/main.c.26.o
indicators_layer    0x4               src/main.c.26.o
updated_layer       0x4               src/main.c.26.o
city_layer          0x4               src/main.c.26.o
weather_layer       0x4               src/main.c.26.o
date_font           0x4               src/main.c.26.o

Discarded input sections

 .text          0x0000000000000000        0x0 /Users/alberto/Documents/Proyectos/pebble/PebbleSDK-2.2/arm-cs-tools/bin/../lib/gcc/arm-none-eabi/4.7.2/thumb2/crti.o
 .bss           0x0000000000000000        0x0 /Users/alberto/Documents/Proyectos/pebble/PebbleSDK-2.2/arm-cs-tools/bin/../lib/gcc/arm-none-eabi/4.7.2/thumb2/crti.o
 .init          0x0000000000000000        0x4 /Users/alberto/Documents/Proyectos/pebble/PebbleSDK-2.2/arm-cs-tools/bin/../lib/gcc/arm-none-eabi/4.7.2/thumb2/crti.o
 .fini          0x0000000000000000        0x4 /Users/alberto/Documents/Proyectos/pebble/PebbleSDK-2.2/arm-cs-tools/bin/../lib/gcc/arm-none-eabi/4.7.2/thumb2/crti.o
 .text          0x0000000000000000       0xc8 /Users/alberto/Documents/Proyectos/pebble/PebbleSDK-2.2/arm-cs-tools/bin/../lib/gcc/arm-none-eabi/4.7.2/thumb2/crtbegin.o
 .bss           0x0000000000000000       0x1c /Users/alberto/Documents/Proyectos/pebble/PebbleSDK-2.2/arm-cs-tools/bin/../lib/gcc/arm-none-eabi/4.7.2/thumb2/crtbegin.o
 .init_array    0x0000000000000000        0x4 /Users/alberto/Documents/Proyectos/pebble/PebbleSDK-2.2/arm-cs-tools/bin/../lib/gcc/arm-none-eabi/4.7.2/thumb2/crtbegin.o
 .fini_array    0x0000000000000000        0x4 /Users/alberto/Documents/Proyectos/pebble/PebbleSDK-2.2/arm-cs-tools/bin/../lib/gcc/arm-none-eabi/4.7.2/thumb2/crtbegin.o
 .eh_frame      0x0000000000000000        0x0 /Users/alberto/Documents/Proyectos/pebble/PebbleSDK-2.2/arm-cs-tools/bin/../lib/gcc/arm-none-eabi/4.7.2/thumb2/crtbegin.o
 .jcr           0x0000000000000000        0x0 /Users/alberto/Documents/Proyectos/pebble/PebbleSDK-2.2/arm-cs-tools/bin/../lib/gcc/arm-none-eabi/4.7.2/thumb2/crtbegin.o
 .tm_clone_table
                0x0000000000000000        0x0 /Users/alberto/Documents/Proyectos/pebble/PebbleSDK-2.2/arm-cs-tools/bin/../lib/gcc/arm-none-eabi/4.7.2/thumb2/crtbegin.o
 .text          0x0000000000000000        0x0 src/main.c.26.o
 .bss           0x0000000000000000        0x0 src/main.c.26.o
 .text.weather_layer_update_callback
                0x0000000000000000        0x8 src/main.c.26.o
 .text          0x0000000000000000        0x0 src/util.c.26.o
 .bss           0x0000000000000000        0x0 src/util.c.26.o
 .text          0x0000000000000000        0x0 appinfo.auto.c.26.o
 .bss           0x0000000000000000        0x0 appinfo.auto.c.26.o
 .bss           0x0000000000000000        0x0 /Users/alberto/Documents/Proyectos/pebble/PebbleSDK-2.2/Pebble/lib/libpebble.a(tmpZR3mVYpebble.o)
 .text.accel_data_service_subscribe__deprecated
                0x0000000000000000        0xc /Users/alberto/Documents/Proyectos/pebble/PebbleSDK-2.2/Pebble/lib/libpebble.a(tmpZR3mVYpebble.o)
 .text.accel_data_service_unsubscribe
                0x0000000000000000        0xc /Users/alberto/Documents/Proyectos/pebble/PebbleSDK-2.2/Pebble/lib/libpebble.a(tmpZR3mVYpebble.o)
 .text.accel_service_peek
                0x0000000000000000        0xc /Users/alberto/Documents/Proyectos/pebble/PebbleSDK-2.2/Pebble/lib/libpebble.a(tmpZR3mVYpebble.o)
 .text.accel_service_set_samples_per_update
                0x0000000000000000        0xc /Users/alberto/Documents/Proyectos/pebble/PebbleSDK-2.2/Pebble/lib/libpebble.a(tmpZR3mVYpebble.o)
 .text.accel_service_set_sampling_rate
                0x0000000000000000        0xc /Users/alberto/Documents/Proyectos/pebble/PebbleSDK-2.2/Pebble/lib/libpebble.a(tmpZR3mVYpebble.o)
 .text.accel_tap_service_subscribe
                0x0000000000000000        0xc /Users/alberto/Documents/Proyectos/pebble/PebbleSDK-2.2/Pebble/lib/libpebble.a(tmpZR3mVYpebble.o)
 .text.accel_tap_service_unsubscribe
                0x0000000000000000        0xc /Users/alberto/Documents/Proyectos/pebble/PebbleSDK-2.2/Pebble/lib/libpebble.a(tmpZR3mVYpebble.o)
 .text.action_bar_layer_add_to_window
                0x0000000000000000        0xc /Users/alberto/Documents/Proyectos/pebble/PebbleSDK-2.2/Pebble/lib/libpebble.a(tmpZR3mVYpebble.o)
 .text.action_bar_layer_clear_icon
                0x0000000000000000        0xc /Users/alberto/Documents/Proyectos/pebble/PebbleSDK-2.2/Pebble/lib/libpebble.a(tmpZR3mVYpebble.o)
 .text.action_bar_layer_create
                0x0000000000000000        0xc /Users/alberto/Documents/Proyectos/pebble/PebbleSDK-2.2/Pebble/lib/libpebble.a(tmpZR3mVYpebble.o)
 .text.action_bar_layer_destroy
                0x0000000000000000        0xc /Users/alberto/Documents/Proyectos/pebble/PebbleSDK-2.2/Pebble/lib/libpebble.a(tmpZR3mVYpebble.o)
 .text.action_bar_layer_get_layer
                0x0000000000000000        0xc /Users/alberto/Documents/Proyectos/pebble/PebbleSDK-2.2/Pebble/lib/libpebble.a(tmpZR3mVYpebble.o)
 .text.action_bar_layer_remove_from_window
                0x0000000000000000        0xc /Users/alberto/Documents/Proyectos/pebble/PebbleSDK-2.2/Pebble/lib/libpebble.a(tmpZR3mVYpebble.o)
 .text.action_bar_layer_set_background_color
                0x0000000000000000        0xc /Users/alberto/Documents/Proyectos/pebble/PebbleSDK-2.2/Pebble/lib/libpebble.a(tmpZR3mVYpebble.o)
 .text.action_bar_layer_set_click_config_provider
                0x0000000000000000        0xc /Users/alberto/Documents/Proyectos/pebble/PebbleSDK-2.2/Pebble/lib/libpebble.a(tmpZR3mVYpebble.o)
 .text.action_bar_layer_set_context
                0x0000000000000000        0xc /Users/alberto/Documents/Proyectos/pebble/PebbleSDK-2.2/Pebble/lib/libpebble.a(tmpZR3mVYpebble.o)
 .text.action_bar_layer_set_icon
                0x0000000000000000        0xc /Users/alberto/Documents/Proyectos/pebble/PebbleSDK-2.2/Pebble/lib/libpebble.a(tmpZR3mVYpebble.o)
 .text.animation_create
                0x0000000000000000        0xc /Users/alberto/Documents/Proyectos/pebble/PebbleSDK-2.2/Pebble/lib/libpebble.a(tmpZR3mVYpebble.o)
 .text.animation_destroy
                0x0000000000000000        0xc /Users/alberto/Documents/Proyectos/pebble/PebbleSDK-2.2/Pebble/lib/libpebble.a(tmpZR3mVYpebble.o)
 .text.animation_get_context
                0x0000000000000000        0xc /Users/alberto/Documents/Proyectos/pebble/PebbleSDK-2.2/Pebble/lib/libpebble.a(tmpZR3mVYpebble.o)
 .text.animation_is_scheduled
                0x0000000000000000        0xc /Users/alberto/Documents/Proyectos/pebble/PebbleSDK-2.2/Pebble/lib/libpebble.a(tmpZR3mVYpebble.o)
 .text.animation_schedule
                0x0000000000000000        0xc /Users/alberto/Documents/Proyectos/pebble/PebbleSDK-2.2/Pebble/lib/libpebble.a(tmpZR3mVYpebble.o)
 .text.animation_set_curve
                0x0000000000000000        0xc /Users/alberto/Documents/Proyectos/pebble/PebbleSDK-2.2/Pebble/lib/libpebble.a(tmpZR3mVYpebble.o)
 .text.animation_set_delay
                0x0000000000000000        0xc /Users/alberto/Documents/Proyectos/pebble/PebbleSDK-2.2/Pebble/lib/libpebble.a(tmpZR3mVYpebble.o)
 .text.animation_set_duration
                0x0000000000000000        0xc /Users/alberto/Documents/Proyectos/pebble/PebbleSDK-2.2/Pebble/lib/libpebble.a(tmpZR3mVYpebble.o)
 .text.animation_set_handlers
                0x0000000000000000        0xc /Users/alberto/Documents/Proyectos/pebble/PebbleSDK-2.2/Pebble/lib/libpebble.a(tmpZR3mVYpebble.o)
 .text.animation_set_implementation
                0x0000000000000000        0xc /Users/alberto/Documents/Proyectos/pebble/PebbleSDK-2.2/Pebble/lib/libpebble.a(tmpZR3mVYpebble.o)
 .text.animation_unschedule
                0x0000000000000000        0xc /Users/alberto/Documents/Proyectos/pebble/PebbleSDK-2.2/Pebble/lib/libpebble.a(tmpZR3mVYpebble.o)
 .text.animation_unschedule_all
                0x0000000000000000        0xc /Users/alberto/Documents/Proyectos/pebble/PebbleSDK-2.2/Pebble/lib/libpebble.a(tmpZR3mVYpebble.o)
 .text.app_comm_get_sniff_interval
                0x0000000000000000        0xc /Users/alberto/Documents/Proyectos/pebble/PebbleSDK-2.2/Pebble/lib/libpebble.a(tmpZR3mVYpebble.o)
 .text.app_comm_set_sniff_interval
                0x0000000000000000        0xc /Users/alberto/Documents/Proyectos/pebble/PebbleSDK-2.2/Pebble/lib/libpebble.a(tmpZR3mVYpebble.o)
 .text.app_message_deregister_callbacks
                0x0000000000000000        0xc /Users/alberto/Documents/Proyectos/pebble/PebbleSDK-2.2/Pebble/lib/libpebble.a(tmpZR3mVYpebble.o)
 .text.app_sync_set
                0x0000000000000000        0xc /Users/alberto/Documents/Proyectos/pebble/PebbleSDK-2.2/Pebble/lib/libpebble.a(tmpZR3mVYpebble.o)
 .text.app_timer_reschedule
                0x0000000000000000        0xc /Users/alberto/Documents/Proyectos/pebble/PebbleSDK-2.2/Pebble/lib/libpebble.a(tmpZR3mVYpebble.o)
 .text.atan2_lookup
                0x0000000000000000        0xc /Users/alberto/Documents/Proyectos/pebble/PebbleSDK-2.2/Pebble/lib/libpebble.a(tmpZR3mVYpebble.o)
 .text.atoi     0x0000000000000000        0xc /Users/alberto/Documents/Proyectos/pebble/PebbleSDK-2.2/Pebble/lib/libpebble.a(tmpZR3mVYpebble.o)
 .text.atol     0x0000000000000000        0xc /Users/alberto/Documents/Proyectos/pebble/PebbleSDK-2.2/Pebble/lib/libpebble.a(tmpZR3mVYpebble.o)
 .text.bitmap_layer_set_compositing_mode
                0x0000000000000000        0xc /Users/alberto/Documents/Proyectos/pebble/PebbleSDK-2.2/Pebble/lib/libpebble.a(tmpZR3mVYpebble.o)
 .text.click_number_of_clicks_counted
                0x0000000000000000        0xc /Users/alberto/Documents/Proyectos/pebble/PebbleSDK-2.2/Pebble/lib/libpebble.a(tmpZR3mVYpebble.o)
 .text.click_recognizer_get_button_id
                0x0000000000000000        0xc /Users/alberto/Documents/Proyectos/pebble/PebbleSDK-2.2/Pebble/lib/libpebble.a(tmpZR3mVYpebble.o)
 .text.clock_copy_time_string
                0x0000000000000000        0xc /Users/alberto/Documents/Proyectos/pebble/PebbleSDK-2.2/Pebble/lib/libpebble.a(tmpZR3mVYpebble.o)
 .text.cos_lookup
                0x0000000000000000        0xc /Users/alberto/Documents/Proyectos/pebble/PebbleSDK-2.2/Pebble/lib/libpebble.a(tmpZR3mVYpebble.o)
 .text.data_logging_create
                0x0000000000000000        0xc /Users/alberto/Documents/Proyectos/pebble/PebbleSDK-2.2/Pebble/lib/libpebble.a(tmpZR3mVYpebble.o)
 .text.data_logging_finish
                0x0000000000000000        0xc /Users/alberto/Documents/Proyectos/pebble/PebbleSDK-2.2/Pebble/lib/libpebble.a(tmpZR3mVYpebble.o)
 .text.data_logging_log
                0x0000000000000000        0xc /Users/alberto/Documents/Proyectos/pebble/PebbleSDK-2.2/Pebble/lib/libpebble.a(tmpZR3mVYpebble.o)
 .text.dict_calc_buffer_size
                0x0000000000000000        0xc /Users/alberto/Documents/Proyectos/pebble/PebbleSDK-2.2/Pebble/lib/libpebble.a(tmpZR3mVYpebble.o)
 .text.dict_calc_buffer_size_from_tuplets
                0x0000000000000000        0xc /Users/alberto/Documents/Proyectos/pebble/PebbleSDK-2.2/Pebble/lib/libpebble.a(tmpZR3mVYpebble.o)
 .text.dict_find
                0x0000000000000000        0xc /Users/alberto/Documents/Proyectos/pebble/PebbleSDK-2.2/Pebble/lib/libpebble.a(tmpZR3mVYpebble.o)
 .text.dict_merge
                0x0000000000000000        0xc /Users/alberto/Documents/Proyectos/pebble/PebbleSDK-2.2/Pebble/lib/libpebble.a(tmpZR3mVYpebble.o)
 .text.dict_read_begin_from_buffer
                0x0000000000000000        0xc /Users/alberto/Documents/Proyectos/pebble/PebbleSDK-2.2/Pebble/lib/libpebble.a(tmpZR3mVYpebble.o)
 .text.dict_read_first
                0x0000000000000000        0xc /Users/alberto/Documents/Proyectos/pebble/PebbleSDK-2.2/Pebble/lib/libpebble.a(tmpZR3mVYpebble.o)
 .text.dict_read_next
                0x0000000000000000        0xc /Users/alberto/Documents/Proyectos/pebble/PebbleSDK-2.2/Pebble/lib/libpebble.a(tmpZR3mVYpebble.o)
 .text.dict_serialize_tuplets
                0x0000000000000000        0xc /Users/alberto/Documents/Proyectos/pebble/PebbleSDK-2.2/Pebble/lib/libpebble.a(tmpZR3mVYpebble.o)
 .text.dict_serialize_tuplets_to_buffer__deprecated
                0x0000000000000000        0xc /Users/alberto/Documents/Proyectos/pebble/PebbleSDK-2.2/Pebble/lib/libpebble.a(tmpZR3mVYpebble.o)
 .text.dict_serialize_tuplets_to_buffer_with_iter
                0x0000000000000000        0xc /Users/alberto/Documents/Proyectos/pebble/PebbleSDK-2.2/Pebble/lib/libpebble.a(tmpZR3mVYpebble.o)
 .text.dict_write_begin
                0x0000000000000000        0xc /Users/alberto/Documents/Proyectos/pebble/PebbleSDK-2.2/Pebble/lib/libpebble.a(tmpZR3mVYpebble.o)
 .text.dict_write_cstring
                0x0000000000000000        0xc /Users/alberto/Documents/Proyectos/pebble/PebbleSDK-2.2/Pebble/lib/libpebble.a(tmpZR3mVYpebble.o)
 .text.dict_write_data
                0x0000000000000000        0xc /Users/alberto/Documents/Proyectos/pebble/PebbleSDK-2.2/Pebble/lib/libpebble.a(tmpZR3mVYpebble.o)
 .text.dict_write_int
                0x0000000000000000        0xc /Users/alberto/Documents/Proyectos/pebble/PebbleSDK-2.2/Pebble/lib/libpebble.a(tmpZR3mVYpebble.o)
 .text.dict_write_int16
                0x0000000000000000        0xc /Users/alberto/Documents/Proyectos/pebble/PebbleSDK-2.2/Pebble/lib/libpebble.a(tmpZR3mVYpebble.o)
 .text.dict_write_int32
                0x0000000000000000        0xc /Users/alberto/Documents/Proyectos/pebble/PebbleSDK-2.2/Pebble/lib/libpebble.a(tmpZR3mVYpebble.o)
 .text.dict_write_int8
                0x0000000000000000        0xc /Users/alberto/Documents/Proyectos/pebble/PebbleSDK-2.2/Pebble/lib/libpebble.a(tmpZR3mVYpebble.o)
 .text.dict_write_uint16
                0x0000000000000000        0xc /Users/alberto/Documents/Proyectos/pebble/PebbleSDK-2.2/Pebble/lib/libpebble.a(tmpZR3mVYpebble.o)
 .text.dict_write_uint32
                0x0000000000000000        0xc /Users/alberto/Documents/Proyectos/pebble/PebbleSDK-2.2/Pebble/lib/libpebble.a(tmpZR3mVYpebble.o)
 .text.dict_write_uint8
                0x0000000000000000        0xc /Users/alberto/Documents/Proyectos/pebble/PebbleSDK-2.2/Pebble/lib/libpebble.a(tmpZR3mVYpebble.o)
 .text.free     0x0000000000000000        0xc /Users/alberto/Documents/Proyectos/pebble/PebbleSDK-2.2/Pebble/lib/libpebble.a(tmpZR3mVYpebble.o)
 .text.gbitmap_create_as_sub_bitmap
                0x0000000000000000        0xc /Users/alberto/Documents/Proyectos/pebble/PebbleSDK-2.2/Pebble/lib/libpebble.a(tmpZR3mVYpebble.o)
 .text.gbitmap_create_with_data
                0x0000000000000000        0xc /Users/alberto/Documents/Proyectos/pebble/PebbleSDK-2.2/Pebble/lib/libpebble.a(tmpZR3mVYpebble.o)
 .text.gmtime   0x0000000000000000        0xc /Users/alberto/Documents/Proyectos/pebble/PebbleSDK-2.2/Pebble/lib/libpebble.a(tmpZR3mVYpebble.o)
 .text.gpath_create
                0x0000000000000000        0xc /Users/alberto/Documents/Proyectos/pebble/PebbleSDK-2.2/Pebble/lib/libpebble.a(tmpZR3mVYpebble.o)
 .text.gpath_destroy
                0x0000000000000000        0xc /Users/alberto/Documents/Proyectos/pebble/PebbleSDK-2.2/Pebble/lib/libpebble.a(tmpZR3mVYpebble.o)
 .text.gpath_draw_filled
                0x0000000000000000        0xc /Users/alberto/Documents/Proyectos/pebble/PebbleSDK-2.2/Pebble/lib/libpebble.a(tmpZR3mVYpebble.o)
 .text.gpath_draw_outline
                0x0000000000000000        0xc /Users/alberto/Documents/Proyectos/pebble/PebbleSDK-2.2/Pebble/lib/libpebble.a(tmpZR3mVYpebble.o)
 .text.gpath_move_to
                0x0000000000000000        0xc /Users/alberto/Documents/Proyectos/pebble/PebbleSDK-2.2/Pebble/lib/libpebble.a(tmpZR3mVYpebble.o)
 .text.gpath_rotate_to
                0x0000000000000000        0xc /Users/alberto/Documents/Proyectos/pebble/PebbleSDK-2.2/Pebble/lib/libpebble.a(tmpZR3mVYpebble.o)
 .text.gpoint_equal
                0x0000000000000000        0xc /Users/alberto/Documents/Proyectos/pebble/PebbleSDK-2.2/Pebble/lib/libpebble.a(tmpZR3mVYpebble.o)
 .text.graphics_context_set_compositing_mode
                0x0000000000000000        0xc /Users/alberto/Documents/Proyectos/pebble/PebbleSDK-2.2/Pebble/lib/libpebble.a(tmpZR3mVYpebble.o)
 .text.graphics_draw_bitmap_in_rect
                0x0000000000000000        0xc /Users/alberto/Documents/Proyectos/pebble/PebbleSDK-2.2/Pebble/lib/libpebble.a(tmpZR3mVYpebble.o)
 .text.graphics_draw_circle
                0x0000000000000000        0xc /Users/alberto/Documents/Proyectos/pebble/PebbleSDK-2.2/Pebble/lib/libpebble.a(tmpZR3mVYpebble.o)
 .text.graphics_draw_line
                0x0000000000000000        0xc /Users/alberto/Documents/Proyectos/pebble/PebbleSDK-2.2/Pebble/lib/libpebble.a(tmpZR3mVYpebble.o)
 .text.graphics_draw_pixel
                0x0000000000000000        0xc /Users/alberto/Documents/Proyectos/pebble/PebbleSDK-2.2/Pebble/lib/libpebble.a(tmpZR3mVYpebble.o)
 .text.graphics_draw_round_rect
                0x0000000000000000        0xc /Users/alberto/Documents/Proyectos/pebble/PebbleSDK-2.2/Pebble/lib/libpebble.a(tmpZR3mVYpebble.o)
 .text.graphics_text_layout_get_max_used_size
                0x0000000000000000        0xc /Users/alberto/Documents/Proyectos/pebble/PebbleSDK-2.2/Pebble/lib/libpebble.a(tmpZR3mVYpebble.o)
 .text.grect_align
                0x0000000000000000        0xc /Users/alberto/Documents/Proyectos/pebble/PebbleSDK-2.2/Pebble/lib/libpebble.a(tmpZR3mVYpebble.o)
 .text.grect_center_point
                0x0000000000000000        0xc /Users/alberto/Documents/Proyectos/pebble/PebbleSDK-2.2/Pebble/lib/libpebble.a(tmpZR3mVYpebble.o)
 .text.grect_clip
                0x0000000000000000        0xc /Users/alberto/Documents/Proyectos/pebble/PebbleSDK-2.2/Pebble/lib/libpebble.a(tmpZR3mVYpebble.o)
 .text.grect_contains_point
                0x0000000000000000        0xc /Users/alberto/Documents/Proyectos/pebble/PebbleSDK-2.2/Pebble/lib/libpebble.a(tmpZR3mVYpebble.o)
 .text.grect_crop
                0x0000000000000000        0xc /Users/alberto/Documents/Proyectos/pebble/PebbleSDK-2.2/Pebble/lib/libpebble.a(tmpZR3mVYpebble.o)
 .text.grect_equal
                0x0000000000000000        0xc /Users/alberto/Documents/Proyectos/pebble/PebbleSDK-2.2/Pebble/lib/libpebble.a(tmpZR3mVYpebble.o)
 .text.grect_is_empty
                0x0000000000000000        0xc /Users/alberto/Documents/Proyectos/pebble/PebbleSDK-2.2/Pebble/lib/libpebble.a(tmpZR3mVYpebble.o)
 .text.grect_standardize
                0x0000000000000000        0xc /Users/alberto/Documents/Proyectos/pebble/PebbleSDK-2.2/Pebble/lib/libpebble.a(tmpZR3mVYpebble.o)
 .text.gsize_equal
                0x0000000000000000        0xc /Users/alberto/Documents/Proyectos/pebble/PebbleSDK-2.2/Pebble/lib/libpebble.a(tmpZR3mVYpebble.o)
 .text.inverter_layer_create
                0x0000000000000000        0xc /Users/alberto/Documents/Proyectos/pebble/PebbleSDK-2.2/Pebble/lib/libpebble.a(tmpZR3mVYpebble.o)
 .text.inverter_layer_destroy
                0x0000000000000000        0xc /Users/alberto/Documents/Proyectos/pebble/PebbleSDK-2.2/Pebble/lib/libpebble.a(tmpZR3mVYpebble.o)
 .text.inverter_layer_get_layer
                0x0000000000000000        0xc /Users/alberto/Documents/Proyectos/pebble/PebbleSDK-2.2/Pebble/lib/libpebble.a(tmpZR3mVYpebble.o)
 .text.layer_create
                0x0000000000000000        0xc /Users/alberto/Documents/Proyectos/pebble/PebbleSDK-2.2/Pebble/lib/libpebble.a(tmpZR3mVYpebble.o)
 .text.layer_create_with_data
                0x0000000000000000        0xc /Users/alberto/Documents/Proyectos/pebble/PebbleSDK-2.2/Pebble/lib/libpebble.a(tmpZR3mVYpebble.o)
 .text.layer_destroy
                0x0000000000000000        0xc /Users/alberto/Documents/Proyectos/pebble/PebbleSDK-2.2/Pebble/lib/libpebble.a(tmpZR3mVYpebble.o)
 .text.layer_get_bounds
                0x0000000000000000        0xc /Users/alberto/Documents/Proyectos/pebble/PebbleSDK-2.2/Pebble/lib/libpebble.a(tmpZR3mVYpebble.o)
 .text.layer_get_clips
                0x0000000000000000        0xc /Users/alberto/Documents/Proyectos/pebble/PebbleSDK-2.2/Pebble/lib/libpebble.a(tmpZR3mVYpebble.o)
 .text.layer_get_data
                0x0000000000000000        0xc /Users/alberto/Documents/Proyectos/pebble/PebbleSDK-2.2/Pebble/lib/libpebble.a(tmpZR3mVYpebble.o)
 .text.layer_get_hidden
                0x0000000000000000        0xc /Users/alberto/Documents/Proyectos/pebble/PebbleSDK-2.2/Pebble/lib/libpebble.a(tmpZR3mVYpebble.o)
 .text.layer_get_window
                0x0000000000000000        0xc /Users/alberto/Documents/Proyectos/pebble/PebbleSDK-2.2/Pebble/lib/libpebble.a(tmpZR3mVYpebble.o)
 .text.layer_insert_above_sibling
                0x0000000000000000        0xc /Users/alberto/Documents/Proyectos/pebble/PebbleSDK-2.2/Pebble/lib/libpebble.a(tmpZR3mVYpebble.o)
 .text.layer_insert_below_sibling
                0x0000000000000000        0xc /Users/alberto/Documents/Proyectos/pebble/PebbleSDK-2.2/Pebble/lib/libpebble.a(tmpZR3mVYpebble.o)
 .text.layer_remove_child_layers
                0x0000000000000000        0xc /Users/alberto/Documents/Proyectos/pebble/PebbleSDK-2.2/Pebble/lib/libpebble.a(tmpZR3mVYpebble.o)
 .text.layer_remove_from_parent
                0x0000000000000000        0xc /Users/alberto/Documents/Proyectos/pebble/PebbleSDK-2.2/Pebble/lib/libpebble.a(tmpZR3mVYpebble.o)
 .text.layer_set_bounds
                0x0000000000000000        0xc /Users/alberto/Documents/Proyectos/pebble/PebbleSDK-2.2/Pebble/lib/libpebble.a(tmpZR3mVYpebble.o)
 .text.layer_set_clips
                0x0000000000000000        0xc /Users/alberto/Documents/Proyectos/pebble/PebbleSDK-2.2/Pebble/lib/libpebble.a(tmpZR3mVYpebble.o)
 .text.layer_set_frame
                0x0000000000000000        0xc /Users/alberto/Documents/Proyectos/pebble/PebbleSDK-2.2/Pebble/lib/libpebble.a(tmpZR3mVYpebble.o)
 .text.layer_set_hidden
                0x0000000000000000        0xc /Users/alberto/Documents/Proyectos/pebble/PebbleSDK-2.2/Pebble/lib/libpebble.a(tmpZR3mVYpebble.o)
 .text.light_enable
                0x0000000000000000        0xc /Users/alberto/Documents/Proyectos/pebble/PebbleSDK-2.2/Pebble/lib/libpebble.a(tmpZR3mVYpebble.o)
 .text.light_enable_interaction
                0x0000000000000000        0xc /Users/alberto/Documents/Proyectos/pebble/PebbleSDK-2.2/Pebble/lib/libpebble.a(tmpZR3mVYpebble.o)
 .text.malloc   0x0000000000000000        0xc /Users/alberto/Documents/Proyectos/pebble/PebbleSDK-2.2/Pebble/lib/libpebble.a(tmpZR3mVYpebble.o)
 .text.memcpy   0x0000000000000000        0xc /Users/alberto/Documents/Proyectos/pebble/PebbleSDK-2.2/Pebble/lib/libpebble.a(tmpZR3mVYpebble.o)
 .text.memset   0x0000000000000000        0xc /Users/alberto/Documents/Proyectos/pebble/PebbleSDK-2.2/Pebble/lib/libpebble.a(tmpZR3mVYpebble.o)
 .text.menu_cell_basic_draw
                0x0000000000000000        0xc /Users/alberto/Documents/Proyectos/pebble/PebbleSDK-2.2/Pebble/lib/libpebble.a(tmpZR3mVYpebble.o)
 .text.menu_cell_basic_header_draw
                0x0000000000000000        0xc /Users/alberto/Documents/Proyectos/pebble/PebbleSDK-2.2/Pebble/lib/libpebble.a(tmpZR3mVYpebble.o)
 .text.menu_cell_title_draw
                0x0000000000000000        0xc /Users/alberto/Documents/Proyectos/pebble/PebbleSDK-2.2/Pebble/lib/libpebble.a(tmpZR3mVYpebble.o)
 .text.menu_index_compare
                0x0000000000000000        0xc /Users/alberto/Documents/Proyectos/pebble/PebbleSDK-2.2/Pebble/lib/libpebble.a(tmpZR3mVYpebble.o)
 .text.menu_layer_create
                0x0000000000000000        0xc /Users/alberto/Documents/Proyectos/pebble/PebbleSDK-2.2/Pebble/lib/libpebble.a(tmpZR3mVYpebble.o)
 .text.menu_layer_destroy
                0x0000000000000000        0xc /Users/alberto/Documents/Proyectos/pebble/PebbleSDK-2.2/Pebble/lib/libpebble.a(tmpZR3mVYpebble.o)
 .text.menu_layer_get_layer
                0x0000000000000000        0xc /Users/alberto/Documents/Proyectos/pebble/PebbleSDK-2.2/Pebble/lib/libpebble.a(tmpZR3mVYpebble.o)
 .text.menu_layer_get_scroll_layer
                0x0000000000000000        0xc /Users/alberto/Documents/Proyectos/pebble/PebbleSDK-2.2/Pebble/lib/libpebble.a(tmpZR3mVYpebble.o)
 .text.menu_layer_get_selected_index
                0x0000000000000000        0xc /Users/alberto/Documents/Proyectos/pebble/PebbleSDK-2.2/Pebble/lib/libpebble.a(tmpZR3mVYpebble.o)
 .text.menu_layer_reload_data
                0x0000000000000000        0xc /Users/alberto/Documents/Proyectos/pebble/PebbleSDK-2.2/Pebble/lib/libpebble.a(tmpZR3mVYpebble.o)
 .text.menu_layer_set_callbacks__deprecated
                0x0000000000000000        0xc /Users/alberto/Documents/Proyectos/pebble/PebbleSDK-2.2/Pebble/lib/libpebble.a(tmpZR3mVYpebble.o)
 .text.menu_layer_set_click_config_onto_window
                0x0000000000000000        0xc /Users/alberto/Documents/Proyectos/pebble/PebbleSDK-2.2/Pebble/lib/libpebble.a(tmpZR3mVYpebble.o)
 .text.menu_layer_set_selected_index
                0x0000000000000000        0xc /Users/alberto/Documents/Proyectos/pebble/PebbleSDK-2.2/Pebble/lib/libpebble.a(tmpZR3mVYpebble.o)
 .text.menu_layer_set_selected_next
                0x0000000000000000        0xc /Users/alberto/Documents/Proyectos/pebble/PebbleSDK-2.2/Pebble/lib/libpebble.a(tmpZR3mVYpebble.o)
 .text.number_window_create
                0x0000000000000000        0xc /Users/alberto/Documents/Proyectos/pebble/PebbleSDK-2.2/Pebble/lib/libpebble.a(tmpZR3mVYpebble.o)
 .text.number_window_destroy
                0x0000000000000000        0xc /Users/alberto/Documents/Proyectos/pebble/PebbleSDK-2.2/Pebble/lib/libpebble.a(tmpZR3mVYpebble.o)
 .text.number_window_get_value
                0x0000000000000000        0xc /Users/alberto/Documents/Proyectos/pebble/PebbleSDK-2.2/Pebble/lib/libpebble.a(tmpZR3mVYpebble.o)
 .text.number_window_set_label
                0x0000000000000000        0xc /Users/alberto/Documents/Proyectos/pebble/PebbleSDK-2.2/Pebble/lib/libpebble.a(tmpZR3mVYpebble.o)
 .text.number_window_set_max
                0x0000000000000000        0xc /Users/alberto/Documents/Proyectos/pebble/PebbleSDK-2.2/Pebble/lib/libpebble.a(tmpZR3mVYpebble.o)
 .text.number_window_set_min
                0x0000000000000000        0xc /Users/alberto/Documents/Proyectos/pebble/PebbleSDK-2.2/Pebble/lib/libpebble.a(tmpZR3mVYpebble.o)
 .text.number_window_set_step_size
                0x0000000000000000        0xc /Users/alberto/Documents/Proyectos/pebble/PebbleSDK-2.2/Pebble/lib/libpebble.a(tmpZR3mVYpebble.o)
 .text.number_window_set_value
                0x0000000000000000        0xc /Users/alberto/Documents/Proyectos/pebble/PebbleSDK-2.2/Pebble/lib/libpebble.a(tmpZR3mVYpebble.o)
 .text.persist_delete
                0x0000000000000000        0xc /Users/alberto/Documents/Proyectos/pebble/PebbleSDK-2.2/Pebble/lib/libpebble.a(tmpZR3mVYpebble.o)
 .text.persist_exists
                0x0000000000000000        0xc /Users/alberto/Documents/Proyectos/pebble/PebbleSDK-2.2/Pebble/lib/libpebble.a(tmpZR3mVYpebble.o)
 .text.persist_get_size
                0x0000000000000000        0xc /Users/alberto/Documents/Proyectos/pebble/PebbleSDK-2.2/Pebble/lib/libpebble.a(tmpZR3mVYpebble.o)
 .text.persist_read_bool
                0x0000000000000000        0xc /Users/alberto/Documents/Proyectos/pebble/PebbleSDK-2.2/Pebble/lib/libpebble.a(tmpZR3mVYpebble.o)
 .text.persist_read_data__deprecated
                0x0000000000000000        0xc /Users/alberto/Documents/Proyectos/pebble/PebbleSDK-2.2/Pebble/lib/libpebble.a(tmpZR3mVYpebble.o)
 .text.persist_read_int
                0x0000000000000000        0xc /Users/alberto/Documents/Proyectos/pebble/PebbleSDK-2.2/Pebble/lib/libpebble.a(tmpZR3mVYpebble.o)
 .text.persist_read_string__deprecated
                0x0000000000000000        0xc /Users/alberto/Documents/Proyectos/pebble/PebbleSDK-2.2/Pebble/lib/libpebble.a(tmpZR3mVYpebble.o)
 .text.persist_write_bool
                0x0000000000000000        0xc /Users/alberto/Documents/Proyectos/pebble/PebbleSDK-2.2/Pebble/lib/libpebble.a(tmpZR3mVYpebble.o)
 .text.persist_write_data__deprecated
                0x0000000000000000        0xc /Users/alberto/Documents/Proyectos/pebble/PebbleSDK-2.2/Pebble/lib/libpebble.a(tmpZR3mVYpebble.o)
 .text.persist_write_int
                0x0000000000000000        0xc /Users/alberto/Documents/Proyectos/pebble/PebbleSDK-2.2/Pebble/lib/libpebble.a(tmpZR3mVYpebble.o)
 .text.persist_write_string
                0x0000000000000000        0xc /Users/alberto/Documents/Proyectos/pebble/PebbleSDK-2.2/Pebble/lib/libpebble.a(tmpZR3mVYpebble.o)
 .text.property_animation_create
                0x0000000000000000        0xc /Users/alberto/Documents/Proyectos/pebble/PebbleSDK-2.2/Pebble/lib/libpebble.a(tmpZR3mVYpebble.o)
 .text.property_animation_create_layer_frame
                0x0000000000000000        0xc /Users/alberto/Documents/Proyectos/pebble/PebbleSDK-2.2/Pebble/lib/libpebble.a(tmpZR3mVYpebble.o)
 .text.property_animation_destroy
                0x0000000000000000        0xc /Users/alberto/Documents/Proyectos/pebble/PebbleSDK-2.2/Pebble/lib/libpebble.a(tmpZR3mVYpebble.o)
 .text.property_animation_update_gpoint
                0x0000000000000000        0xc /Users/alberto/Documents/Proyectos/pebble/PebbleSDK-2.2/Pebble/lib/libpebble.a(tmpZR3mVYpebble.o)
 .text.property_animation_update_grect
                0x0000000000000000        0xc /Users/alberto/Documents/Proyectos/pebble/PebbleSDK-2.2/Pebble/lib/libpebble.a(tmpZR3mVYpebble.o)
 .text.property_animation_update_int16
                0x0000000000000000        0xc /Users/alberto/Documents/Proyectos/pebble/PebbleSDK-2.2/Pebble/lib/libpebble.a(tmpZR3mVYpebble.o)
 .text.psleep   0x0000000000000000        0xc /Users/alberto/Documents/Proyectos/pebble/PebbleSDK-2.2/Pebble/lib/libpebble.a(tmpZR3mVYpebble.o)
 .text.rand     0x0000000000000000        0xc /Users/alberto/Documents/Proyectos/pebble/PebbleSDK-2.2/Pebble/lib/libpebble.a(tmpZR3mVYpebble.o)
 .text.resource_load
                0x0000000000000000        0xc /Users/alberto/Documents/Proyectos/pebble/PebbleSDK-2.2/Pebble/lib/libpebble.a(tmpZR3mVYpebble.o)
 .text.resource_load_byte_range
                0x0000000000000000        0xc /Users/alberto/Documents/Proyectos/pebble/PebbleSDK-2.2/Pebble/lib/libpebble.a(tmpZR3mVYpebble.o)
 .text.resource_size
                0x0000000000000000        0xc /Users/alberto/Documents/Proyectos/pebble/PebbleSDK-2.2/Pebble/lib/libpebble.a(tmpZR3mVYpebble.o)
 .text.rot_bitmap_layer_create
                0x0000000000000000        0xc /Users/alberto/Documents/Proyectos/pebble/PebbleSDK-2.2/Pebble/lib/libpebble.a(tmpZR3mVYpebble.o)
 .text.rot_bitmap_layer_destroy
                0x0000000000000000        0xc /Users/alberto/Documents/Proyectos/pebble/PebbleSDK-2.2/Pebble/lib/libpebble.a(tmpZR3mVYpebble.o)
 .text.rot_bitmap_layer_increment_angle
                0x0000000000000000        0xc /Users/alberto/Documents/Proyectos/pebble/PebbleSDK-2.2/Pebble/lib/libpebble.a(tmpZR3mVYpebble.o)
 .text.rot_bitmap_layer_set_angle
                0x0000000000000000        0xc /Users/alberto/Documents/Proyectos/pebble/PebbleSDK-2.2/Pebble/lib/libpebble.a(tmpZR3mVYpebble.o)
 .text.rot_bitmap_layer_set_corner_clip_color
                0x0000000000000000        0xc /Users/alberto/Documents/Proyectos/pebble/PebbleSDK-2.2/Pebble/lib/libpebble.a(tmpZR3mVYpebble.o)
 .text.rot_bitmap_set_compositing_mode
                0x0000000000000000        0xc /Users/alberto/Documents/Proyectos/pebble/PebbleSDK-2.2/Pebble/lib/libpebble.a(tmpZR3mVYpebble.o)
 .text.rot_bitmap_set_src_ic
                0x0000000000000000        0xc /Users/alberto/Documents/Proyectos/pebble/PebbleSDK-2.2/Pebble/lib/libpebble.a(tmpZR3mVYpebble.o)
 .text.scroll_layer_add_child
                0x0000000000000000        0xc /Users/alberto/Documents/Proyectos/pebble/PebbleSDK-2.2/Pebble/lib/libpebble.a(tmpZR3mVYpebble.o)
 .text.scroll_layer_create
                0x0000000000000000        0xc /Users/alberto/Documents/Proyectos/pebble/PebbleSDK-2.2/Pebble/lib/libpebble.a(tmpZR3mVYpebble.o)
 .text.scroll_layer_destroy
                0x0000000000000000        0xc /Users/alberto/Documents/Proyectos/pebble/PebbleSDK-2.2/Pebble/lib/libpebble.a(tmpZR3mVYpebble.o)
 .text.scroll_layer_get_content_offset
                0x0000000000000000        0xc /Users/alberto/Documents/Proyectos/pebble/PebbleSDK-2.2/Pebble/lib/libpebble.a(tmpZR3mVYpebble.o)
 .text.scroll_layer_get_content_size
                0x0000000000000000        0xc /Users/alberto/Documents/Proyectos/pebble/PebbleSDK-2.2/Pebble/lib/libpebble.a(tmpZR3mVYpebble.o)
 .text.scroll_layer_get_layer
                0x0000000000000000        0xc /Users/alberto/Documents/Proyectos/pebble/PebbleSDK-2.2/Pebble/lib/libpebble.a(tmpZR3mVYpebble.o)
 .text.scroll_layer_get_shadow_hidden
                0x0000000000000000        0xc /Users/alberto/Documents/Proyectos/pebble/PebbleSDK-2.2/Pebble/lib/libpebble.a(tmpZR3mVYpebble.o)
 .text.scroll_layer_scroll_down_click_handler
                0x0000000000000000        0xc /Users/alberto/Documents/Proyectos/pebble/PebbleSDK-2.2/Pebble/lib/libpebble.a(tmpZR3mVYpebble.o)
 .text.scroll_layer_scroll_up_click_handler
                0x0000000000000000        0xc /Users/alberto/Documents/Proyectos/pebble/PebbleSDK-2.2/Pebble/lib/libpebble.a(tmpZR3mVYpebble.o)
 .text.scroll_layer_set_callbacks
                0x0000000000000000        0xc /Users/alberto/Documents/Proyectos/pebble/PebbleSDK-2.2/Pebble/lib/libpebble.a(tmpZR3mVYpebble.o)
 .text.scroll_layer_set_click_config_onto_window
                0x0000000000000000        0xc /Users/alberto/Documents/Proyectos/pebble/PebbleSDK-2.2/Pebble/lib/libpebble.a(tmpZR3mVYpebble.o)
 .text.scroll_layer_set_content_offset
                0x0000000000000000        0xc /Users/alberto/Documents/Proyectos/pebble/PebbleSDK-2.2/Pebble/lib/libpebble.a(tmpZR3mVYpebble.o)
 .text.scroll_layer_set_content_size
                0x0000000000000000        0xc /Users/alberto/Documents/Proyectos/pebble/PebbleSDK-2.2/Pebble/lib/libpebble.a(tmpZR3mVYpebble.o)
 .text.scroll_layer_set_context
                0x0000000000000000        0xc /Users/alberto/Documents/Proyectos/pebble/PebbleSDK-2.2/Pebble/lib/libpebble.a(tmpZR3mVYpebble.o)
 .text.scroll_layer_set_frame
                0x0000000000000000        0xc /Users/alberto/Documents/Proyectos/pebble/PebbleSDK-2.2/Pebble/lib/libpebble.a(tmpZR3mVYpebble.o)
 .text.scroll_layer_set_shadow_hidden
                0x0000000000000000        0xc /Users/alberto/Documents/Proyectos/pebble/PebbleSDK-2.2/Pebble/lib/libpebble.a(tmpZR3mVYpebble.o)
 .text.simple_menu_layer_create
                0x0000000000000000        0xc /Users/alberto/Documents/Proyectos/pebble/PebbleSDK-2.2/Pebble/lib/libpebble.a(tmpZR3mVYpebble.o)
 .text.simple_menu_layer_destroy
                0x0000000000000000        0xc /Users/alberto/Documents/Proyectos/pebble/PebbleSDK-2.2/Pebble/lib/libpebble.a(tmpZR3mVYpebble.o)
 .text.simple_menu_layer_get_layer
                0x0000000000000000        0xc /Users/alberto/Documents/Proyectos/pebble/PebbleSDK-2.2/Pebble/lib/libpebble.a(tmpZR3mVYpebble.o)
 .text.simple_menu_layer_get_selected_index
                0x0000000000000000        0xc /Users/alberto/Documents/Proyectos/pebble/PebbleSDK-2.2/Pebble/lib/libpebble.a(tmpZR3mVYpebble.o)
 .text.simple_menu_layer_set_selected_index
                0x0000000000000000        0xc /Users/alberto/Documents/Proyectos/pebble/PebbleSDK-2.2/Pebble/lib/libpebble.a(tmpZR3mVYpebble.o)
 .text.sin_lookup
                0x0000000000000000        0xc /Users/alberto/Documents/Proyectos/pebble/PebbleSDK-2.2/Pebble/lib/libpebble.a(tmpZR3mVYpebble.o)
 .text.srand    0x0000000000000000        0xc /Users/alberto/Documents/Proyectos/pebble/PebbleSDK-2.2/Pebble/lib/libpebble.a(tmpZR3mVYpebble.o)
 .text.strcat   0x0000000000000000        0xc /Users/alberto/Documents/Proyectos/pebble/PebbleSDK-2.2/Pebble/lib/libpebble.a(tmpZR3mVYpebble.o)
 .text.strcmp   0x0000000000000000        0xc /Users/alberto/Documents/Proyectos/pebble/PebbleSDK-2.2/Pebble/lib/libpebble.a(tmpZR3mVYpebble.o)
 .text.strcpy   0x0000000000000000        0xc /Users/alberto/Documents/Proyectos/pebble/PebbleSDK-2.2/Pebble/lib/libpebble.a(tmpZR3mVYpebble.o)
 .text.strlen   0x0000000000000000        0xc /Users/alberto/Documents/Proyectos/pebble/PebbleSDK-2.2/Pebble/lib/libpebble.a(tmpZR3mVYpebble.o)
 .text.strncat  0x0000000000000000        0xc /Users/alberto/Documents/Proyectos/pebble/PebbleSDK-2.2/Pebble/lib/libpebble.a(tmpZR3mVYpebble.o)
 .text.strncmp  0x0000000000000000        0xc /Users/alberto/Documents/Proyectos/pebble/PebbleSDK-2.2/Pebble/lib/libpebble.a(tmpZR3mVYpebble.o)
 .text.strncpy  0x0000000000000000        0xc /Users/alberto/Documents/Proyectos/pebble/PebbleSDK-2.2/Pebble/lib/libpebble.a(tmpZR3mVYpebble.o)
 .text.text_layer_get_content_size
                0x0000000000000000        0xc /Users/alberto/Documents/Proyectos/pebble/PebbleSDK-2.2/Pebble/lib/libpebble.a(tmpZR3mVYpebble.o)
 .text.text_layer_get_text
                0x0000000000000000        0xc /Users/alberto/Documents/Proyectos/pebble/PebbleSDK-2.2/Pebble/lib/libpebble.a(tmpZR3mVYpebble.o)
 .text.text_layer_set_overflow_mode
                0x0000000000000000        0xc /Users/alberto/Documents/Proyectos/pebble/PebbleSDK-2.2/Pebble/lib/libpebble.a(tmpZR3mVYpebble.o)
 .text.text_layer_set_size
                0x0000000000000000        0xc /Users/alberto/Documents/Proyectos/pebble/PebbleSDK-2.2/Pebble/lib/libpebble.a(tmpZR3mVYpebble.o)
 .text.time_ms  0x0000000000000000        0xc /Users/alberto/Documents/Proyectos/pebble/PebbleSDK-2.2/Pebble/lib/libpebble.a(tmpZR3mVYpebble.o)
 .text.vibes_cancel
                0x0000000000000000        0xc /Users/alberto/Documents/Proyectos/pebble/PebbleSDK-2.2/Pebble/lib/libpebble.a(tmpZR3mVYpebble.o)
 .text.vibes_enqueue_custom_pattern
                0x0000000000000000        0xc /Users/alberto/Documents/Proyectos/pebble/PebbleSDK-2.2/Pebble/lib/libpebble.a(tmpZR3mVYpebble.o)
 .text.vibes_long_pulse
                0x0000000000000000        0xc /Users/alberto/Documents/Proyectos/pebble/PebbleSDK-2.2/Pebble/lib/libpebble.a(tmpZR3mVYpebble.o)
 .text.vibes_short_pulse
                0x0000000000000000        0xc /Users/alberto/Documents/Proyectos/pebble/PebbleSDK-2.2/Pebble/lib/libpebble.a(tmpZR3mVYpebble.o)
 .text.window_get_click_config_provider
                0x0000000000000000        0xc /Users/alberto/Documents/Proyectos/pebble/PebbleSDK-2.2/Pebble/lib/libpebble.a(tmpZR3mVYpebble.o)
 .text.window_get_fullscreen
                0x0000000000000000        0xc /Users/alberto/Documents/Proyectos/pebble/PebbleSDK-2.2/Pebble/lib/libpebble.a(tmpZR3mVYpebble.o)
 .text.window_is_loaded
                0x0000000000000000        0xc /Users/alberto/Documents/Proyectos/pebble/PebbleSDK-2.2/Pebble/lib/libpebble.a(tmpZR3mVYpebble.o)
 .text.window_set_click_config_provider
                0x0000000000000000        0xc /Users/alberto/Documents/Proyectos/pebble/PebbleSDK-2.2/Pebble/lib/libpebble.a(tmpZR3mVYpebble.o)
 .text.window_set_click_config_provider_with_context
                0x0000000000000000        0xc /Users/alberto/Documents/Proyectos/pebble/PebbleSDK-2.2/Pebble/lib/libpebble.a(tmpZR3mVYpebble.o)
 .text.window_set_status_bar_icon
                0x0000000000000000        0xc /Users/alberto/Documents/Proyectos/pebble/PebbleSDK-2.2/Pebble/lib/libpebble.a(tmpZR3mVYpebble.o)
 .text.window_set_window_handlers
                0x0000000000000000        0xc /Users/alberto/Documents/Proyectos/pebble/PebbleSDK-2.2/Pebble/lib/libpebble.a(tmpZR3mVYpebble.o)
 .text.window_stack_contains_window
                0x0000000000000000        0xc /Users/alberto/Documents/Proyectos/pebble/PebbleSDK-2.2/Pebble/lib/libpebble.a(tmpZR3mVYpebble.o)
 .text.window_stack_get_top_window
                0x0000000000000000        0xc /Users/alberto/Documents/Proyectos/pebble/PebbleSDK-2.2/Pebble/lib/libpebble.a(tmpZR3mVYpebble.o)
 .text.window_stack_pop
                0x0000000000000000        0xc /Users/alberto/Documents/Proyectos/pebble/PebbleSDK-2.2/Pebble/lib/libpebble.a(tmpZR3mVYpebble.o)
 .text.window_stack_pop_all
                0x0000000000000000        0xc /Users/alberto/Documents/Proyectos/pebble/PebbleSDK-2.2/Pebble/lib/libpebble.a(tmpZR3mVYpebble.o)
 .text.window_stack_remove
                0x0000000000000000        0xc /Users/alberto/Documents/Proyectos/pebble/PebbleSDK-2.2/Pebble/lib/libpebble.a(tmpZR3mVYpebble.o)
 .text.app_focus_service_subscribe
                0x0000000000000000        0xc /Users/alberto/Documents/Proyectos/pebble/PebbleSDK-2.2/Pebble/lib/libpebble.a(tmpZR3mVYpebble.o)
 .text.app_focus_service_unsubscribe
                0x0000000000000000        0xc /Users/alberto/Documents/Proyectos/pebble/PebbleSDK-2.2/Pebble/lib/libpebble.a(tmpZR3mVYpebble.o)
 .text.window_get_user_data
                0x0000000000000000        0xc /Users/alberto/Documents/Proyectos/pebble/PebbleSDK-2.2/Pebble/lib/libpebble.a(tmpZR3mVYpebble.o)
 .text.window_set_user_data
                0x0000000000000000        0xc /Users/alberto/Documents/Proyectos/pebble/PebbleSDK-2.2/Pebble/lib/libpebble.a(tmpZR3mVYpebble.o)
 .text.app_message_get_context
                0x0000000000000000        0xc /Users/alberto/Documents/Proyectos/pebble/PebbleSDK-2.2/Pebble/lib/libpebble.a(tmpZR3mVYpebble.o)
 .text.app_message_register_inbox_dropped
                0x0000000000000000        0xc /Users/alberto/Documents/Proyectos/pebble/PebbleSDK-2.2/Pebble/lib/libpebble.a(tmpZR3mVYpebble.o)
 .text.app_message_register_inbox_received
                0x0000000000000000        0xc /Users/alberto/Documents/Proyectos/pebble/PebbleSDK-2.2/Pebble/lib/libpebble.a(tmpZR3mVYpebble.o)
 .text.app_message_register_outbox_failed
                0x0000000000000000        0xc /Users/alberto/Documents/Proyectos/pebble/PebbleSDK-2.2/Pebble/lib/libpebble.a(tmpZR3mVYpebble.o)
 .text.app_message_register_outbox_sent
                0x0000000000000000        0xc /Users/alberto/Documents/Proyectos/pebble/PebbleSDK-2.2/Pebble/lib/libpebble.a(tmpZR3mVYpebble.o)
 .text.app_message_set_context
                0x0000000000000000        0xc /Users/alberto/Documents/Proyectos/pebble/PebbleSDK-2.2/Pebble/lib/libpebble.a(tmpZR3mVYpebble.o)
 .text.window_long_click_subscribe
                0x0000000000000000        0xc /Users/alberto/Documents/Proyectos/pebble/PebbleSDK-2.2/Pebble/lib/libpebble.a(tmpZR3mVYpebble.o)
 .text.window_multi_click_subscribe
                0x0000000000000000        0xc /Users/alberto/Documents/Proyectos/pebble/PebbleSDK-2.2/Pebble/lib/libpebble.a(tmpZR3mVYpebble.o)
 .text.window_raw_click_subscribe
                0x0000000000000000        0xc /Users/alberto/Documents/Proyectos/pebble/PebbleSDK-2.2/Pebble/lib/libpebble.a(tmpZR3mVYpebble.o)
 .text.window_set_click_context
                0x0000000000000000        0xc /Users/alberto/Documents/Proyectos/pebble/PebbleSDK-2.2/Pebble/lib/libpebble.a(tmpZR3mVYpebble.o)
 .text.window_single_click_subscribe
                0x0000000000000000        0xc /Users/alberto/Documents/Proyectos/pebble/PebbleSDK-2.2/Pebble/lib/libpebble.a(tmpZR3mVYpebble.o)
 .text.window_single_repeating_click_subscribe
                0x0000000000000000        0xc /Users/alberto/Documents/Proyectos/pebble/PebbleSDK-2.2/Pebble/lib/libpebble.a(tmpZR3mVYpebble.o)
 .text.dict_serialize_tuplets_to_buffer
                0x0000000000000000        0xc /Users/alberto/Documents/Proyectos/pebble/PebbleSDK-2.2/Pebble/lib/libpebble.a(tmpZR3mVYpebble.o)
 .text.persist_read_data
                0x0000000000000000        0xc /Users/alberto/Documents/Proyectos/pebble/PebbleSDK-2.2/Pebble/lib/libpebble.a(tmpZR3mVYpebble.o)
 .text.persist_read_string
                0x0000000000000000        0xc /Users/alberto/Documents/Proyectos/pebble/PebbleSDK-2.2/Pebble/lib/libpebble.a(tmpZR3mVYpebble.o)
 .text.persist_write_data
                0x0000000000000000        0xc /Users/alberto/Documents/Proyectos/pebble/PebbleSDK-2.2/Pebble/lib/libpebble.a(tmpZR3mVYpebble.o)
 .text.dict_size
                0x0000000000000000        0xc /Users/alberto/Documents/Proyectos/pebble/PebbleSDK-2.2/Pebble/lib/libpebble.a(tmpZR3mVYpebble.o)
 .text.simple_menu_layer_get_menu_layer
                0x0000000000000000        0xc /Users/alberto/Documents/Proyectos/pebble/PebbleSDK-2.2/Pebble/lib/libpebble.a(tmpZR3mVYpebble.o)
 .text.accel_data_service_subscribe
                0x0000000000000000        0xc /Users/alberto/Documents/Proyectos/pebble/PebbleSDK-2.2/Pebble/lib/libpebble.a(tmpZR3mVYpebble.o)
 .text.calloc   0x0000000000000000        0xc /Users/alberto/Documents/Proyectos/pebble/PebbleSDK-2.2/Pebble/lib/libpebble.a(tmpZR3mVYpebble.o)
 .text.bitmap_layer_get_bitmap
                0x0000000000000000        0xc /Users/alberto/Documents/Proyectos/pebble/PebbleSDK-2.2/Pebble/lib/libpebble.a(tmpZR3mVYpebble.o)
 .text.menu_layer_set_callbacks
                0x0000000000000000        0xc /Users/alberto/Documents/Proyectos/pebble/PebbleSDK-2.2/Pebble/lib/libpebble.a(tmpZR3mVYpebble.o)
 .text.window_get_click_config_context
                0x0000000000000000        0xc /Users/alberto/Documents/Proyectos/pebble/PebbleSDK-2.2/Pebble/lib/libpebble.a(tmpZR3mVYpebble.o)
 .text          0x0000000000000000        0x0 /Users/alberto/Documents/Proyectos/pebble/PebbleSDK-2.2/arm-cs-tools/bin/../lib/gcc/arm-none-eabi/4.7.2/thumb2/crtend.o
 .bss           0x0000000000000000        0x0 /Users/alberto/Documents/Proyectos/pebble/PebbleSDK-2.2/arm-cs-tools/bin/../lib/gcc/arm-none-eabi/4.7.2/thumb2/crtend.o
 .eh_frame      0x0000000000000000        0x4 /Users/alberto/Documents/Proyectos/pebble/PebbleSDK-2.2/arm-cs-tools/bin/../lib/gcc/arm-none-eabi/4.7.2/thumb2/crtend.o
 .jcr           0x0000000000000000        0x4 /Users/alberto/Documents/Proyectos/pebble/PebbleSDK-2.2/arm-cs-tools/bin/../lib/gcc/arm-none-eabi/4.7.2/thumb2/crtend.o
 .tm_clone_table
                0x0000000000000000        0x0 /Users/alberto/Documents/Proyectos/pebble/PebbleSDK-2.2/arm-cs-tools/bin/../lib/gcc/arm-none-eabi/4.7.2/thumb2/crtend.o
 .text          0x0000000000000000        0x0 /Users/alberto/Documents/Proyectos/pebble/PebbleSDK-2.2/arm-cs-tools/bin/../lib/gcc/arm-none-eabi/4.7.2/thumb2/crtn.o
 .bss           0x0000000000000000        0x0 /Users/alberto/Documents/Proyectos/pebble/PebbleSDK-2.2/arm-cs-tools/bin/../lib/gcc/arm-none-eabi/4.7.2/thumb2/crtn.o
 .init          0x0000000000000000        0x8 /Users/alberto/Documents/Proyectos/pebble/PebbleSDK-2.2/arm-cs-tools/bin/../lib/gcc/arm-none-eabi/4.7.2/thumb2/crtn.o
 .fini          0x0000000000000000        0x8 /Users/alberto/Documents/Proyectos/pebble/PebbleSDK-2.2/arm-cs-tools/bin/../lib/gcc/arm-none-eabi/4.7.2/thumb2/crtn.o

Memory Configuration

Name             Origin             Length             Attributes
APP              0x0000000000000000 0x0000000000006000 xrw
*default*        0x0000000000000000 0xffffffffffffffff

Linker script and memory map

LOAD /Users/alberto/Documents/Proyectos/pebble/PebbleSDK-2.2/arm-cs-tools/bin/../lib/gcc/arm-none-eabi/4.7.2/thumb2/crti.o
LOAD /Users/alberto/Documents/Proyectos/pebble/PebbleSDK-2.2/arm-cs-tools/bin/../lib/gcc/arm-none-eabi/4.7.2/thumb2/crtbegin.o
LOAD src/main.c.26.o
LOAD src/util.c.26.o
LOAD appinfo.auto.c.26.o
LOAD /Users/alberto/Documents/Proyectos/pebble/PebbleSDK-2.2/Pebble/lib/libpebble.a
START GROUP
LOAD /Users/alberto/Documents/Proyectos/pebble/PebbleSDK-2.2/arm-cs-tools/bin/../lib/gcc/arm-none-eabi/4.7.2/thumb2/libgcc.a
LOAD /Users/alberto/Documents/Proyectos/pebble/PebbleSDK-2.2/arm-cs-tools/bin/../lib/gcc/arm-none-eabi/4.7.2/../../../../arm-none-eabi/lib/thumb2/libc.a
END GROUP
LOAD /Users/alberto/Documents/Proyectos/pebble/PebbleSDK-2.2/arm-cs-tools/bin/../lib/gcc/arm-none-eabi/4.7.2/thumb2/crtend.o
LOAD /Users/alberto/Documents/Proyectos/pebble/PebbleSDK-2.2/arm-cs-tools/bin/../lib/gcc/arm-none-eabi/4.7.2/thumb2/crtn.o

.header         0x0000000000000000       0x82
 *(.pbl_header)
 .pbl_header    0x0000000000000000       0x82 appinfo.auto.c.26.o
                0x0000000000000000                __pbl_app_info

.text           0x0000000000000084     0x1c50
 *(.text)
 .text          0x0000000000000084       0x14 /Users/alberto/Documents/Proyectos/pebble/PebbleSDK-2.2/Pebble/lib/libpebble.a(tmpZR3mVYpebble.o)
 *(.text.*)
 .text.send_cmd
                0x0000000000000098       0x60 src/main.c.26.o
 .text.handle_minute_tick
                0x00000000000000f8      0x10c src/main.c.26.o
 .text.toggle_layer_callback
                0x0000000000000204       0x50 src/main.c.26.o
 .text.bluetooth_status_callback
                0x0000000000000254       0x44 src/main.c.26.o
                0x0000000000000254                bluetooth_status_callback
 .text.battery_state_callback
                0x0000000000000298       0x30 src/main.c.26.o
                0x0000000000000298                battery_state_callback
 .text.timer_callback
                0x00000000000002c8       0x38 src/main.c.26.o
 .text.syncData_error_callback
                0x0000000000000300      0x19c src/main.c.26.o
 .text.syncData_changed_callback
                0x000000000000049c      0x15c src/main.c.26.o
 .text.time_layer_update_callback
                0x00000000000005f8      0x12c src/main.c.26.o
                0x00000000000005f8                time_layer_update_callback
 .text.rain_layer_update_callback
                0x0000000000000724      0x438 src/main.c.26.o
                0x0000000000000724                rain_layer_update_callback
 .text.indicators_layer_update_callback
                0x0000000000000b5c      0x23c src/main.c.26.o
                0x0000000000000b5c                indicators_layer_update_callback
 .text.startup.main
                0x0000000000000d98      0x78c src/main.c.26.o
                0x0000000000000d98                main
 .text.itoa     0x0000000000001524       0x58 src/util.c.26.o
                0x0000000000001524                itoa
 .text.app_event_loop
                0x000000000000157c        0xc /Users/alberto/Documents/Proyectos/pebble/PebbleSDK-2.2/Pebble/lib/libpebble.a(tmpZR3mVYpebble.o)
                0x000000000000157c                app_event_loop
 .text.app_log  0x0000000000001588        0xc /Users/alberto/Documents/Proyectos/pebble/PebbleSDK-2.2/Pebble/lib/libpebble.a(tmpZR3mVYpebble.o)
                0x0000000000001588                app_log
 .text.app_message_open
                0x0000000000001594        0xc /Users/alberto/Documents/Proyectos/pebble/PebbleSDK-2.2/Pebble/lib/libpebble.a(tmpZR3mVYpebble.o)
                0x0000000000001594                app_message_open
 .text.app_sync_deinit
                0x00000000000015a0        0xc /Users/alberto/Documents/Proyectos/pebble/PebbleSDK-2.2/Pebble/lib/libpebble.a(tmpZR3mVYpebble.o)
                0x00000000000015a0                app_sync_deinit
 .text.app_sync_get
                0x00000000000015ac        0xc /Users/alberto/Documents/Proyectos/pebble/PebbleSDK-2.2/Pebble/lib/libpebble.a(tmpZR3mVYpebble.o)
                0x00000000000015ac                app_sync_get
 .text.app_sync_init
                0x00000000000015b8        0xc /Users/alberto/Documents/Proyectos/pebble/PebbleSDK-2.2/Pebble/lib/libpebble.a(tmpZR3mVYpebble.o)
                0x00000000000015b8                app_sync_init
 .text.app_timer_cancel
                0x00000000000015c4        0xc /Users/alberto/Documents/Proyectos/pebble/PebbleSDK-2.2/Pebble/lib/libpebble.a(tmpZR3mVYpebble.o)
                0x00000000000015c4                app_timer_cancel
 .text.app_timer_register
                0x00000000000015d0        0xc /Users/alberto/Documents/Proyectos/pebble/PebbleSDK-2.2/Pebble/lib/libpebble.a(tmpZR3mVYpebble.o)
                0x00000000000015d0                app_timer_register
 .text.battery_state_service_peek
                0x00000000000015dc        0xc /Users/alberto/Documents/Proyectos/pebble/PebbleSDK-2.2/Pebble/lib/libpebble.a(tmpZR3mVYpebble.o)
                0x00000000000015dc                battery_state_service_peek
 .text.battery_state_service_subscribe
                0x00000000000015e8        0xc /Users/alberto/Documents/Proyectos/pebble/PebbleSDK-2.2/Pebble/lib/libpebble.a(tmpZR3mVYpebble.o)
                0x00000000000015e8                battery_state_service_subscribe
 .text.battery_state_service_unsubscribe
                0x00000000000015f4        0xc /Users/alberto/Documents/Proyectos/pebble/PebbleSDK-2.2/Pebble/lib/libpebble.a(tmpZR3mVYpebble.o)
                0x00000000000015f4                battery_state_service_unsubscribe
 .text.bitmap_layer_create
                0x0000000000001600        0xc /Users/alberto/Documents/Proyectos/pebble/PebbleSDK-2.2/Pebble/lib/libpebble.a(tmpZR3mVYpebble.o)
                0x0000000000001600                bitmap_layer_create
 .text.bitmap_layer_destroy
                0x000000000000160c        0xc /Users/alberto/Documents/Proyectos/pebble/PebbleSDK-2.2/Pebble/lib/libpebble.a(tmpZR3mVYpebble.o)
                0x000000000000160c                bitmap_layer_destroy
 .text.bitmap_layer_get_layer
                0x0000000000001618        0xc /Users/alberto/Documents/Proyectos/pebble/PebbleSDK-2.2/Pebble/lib/libpebble.a(tmpZR3mVYpebble.o)
                0x0000000000001618                bitmap_layer_get_layer
 .text.bitmap_layer_set_alignment
                0x0000000000001624        0xc /Users/alberto/Documents/Proyectos/pebble/PebbleSDK-2.2/Pebble/lib/libpebble.a(tmpZR3mVYpebble.o)
                0x0000000000001624                bitmap_layer_set_alignment
 .text.bitmap_layer_set_background_color
                0x0000000000001630        0xc /Users/alberto/Documents/Proyectos/pebble/PebbleSDK-2.2/Pebble/lib/libpebble.a(tmpZR3mVYpebble.o)
                0x0000000000001630                bitmap_layer_set_background_color
 .text.bitmap_layer_set_bitmap
                0x000000000000163c        0xc /Users/alberto/Documents/Proyectos/pebble/PebbleSDK-2.2/Pebble/lib/libpebble.a(tmpZR3mVYpebble.o)
                0x000000000000163c                bitmap_layer_set_bitmap
 .text.bluetooth_connection_service_peek
                0x0000000000001648        0xc /Users/alberto/Documents/Proyectos/pebble/PebbleSDK-2.2/Pebble/lib/libpebble.a(tmpZR3mVYpebble.o)
                0x0000000000001648                bluetooth_connection_service_peek
 .text.bluetooth_connection_service_subscribe
                0x0000000000001654        0xc /Users/alberto/Documents/Proyectos/pebble/PebbleSDK-2.2/Pebble/lib/libpebble.a(tmpZR3mVYpebble.o)
                0x0000000000001654                bluetooth_connection_service_subscribe
 .text.bluetooth_connection_service_unsubscribe
                0x0000000000001660        0xc /Users/alberto/Documents/Proyectos/pebble/PebbleSDK-2.2/Pebble/lib/libpebble.a(tmpZR3mVYpebble.o)
                0x0000000000001660                bluetooth_connection_service_unsubscribe
 .text.clock_is_24h_style
                0x000000000000166c        0xc /Users/alberto/Documents/Proyectos/pebble/PebbleSDK-2.2/Pebble/lib/libpebble.a(tmpZR3mVYpebble.o)
                0x000000000000166c                clock_is_24h_style
 .text.dict_write_end
                0x0000000000001678        0xc /Users/alberto/Documents/Proyectos/pebble/PebbleSDK-2.2/Pebble/lib/libpebble.a(tmpZR3mVYpebble.o)
                0x0000000000001678                dict_write_end
 .text.dict_write_tuplet
                0x0000000000001684        0xc /Users/alberto/Documents/Proyectos/pebble/PebbleSDK-2.2/Pebble/lib/libpebble.a(tmpZR3mVYpebble.o)
                0x0000000000001684                dict_write_tuplet
 .text.fonts_get_system_font
                0x0000000000001690        0xc /Users/alberto/Documents/Proyectos/pebble/PebbleSDK-2.2/Pebble/lib/libpebble.a(tmpZR3mVYpebble.o)
                0x0000000000001690                fonts_get_system_font
 .text.fonts_load_custom_font
                0x000000000000169c        0xc /Users/alberto/Documents/Proyectos/pebble/PebbleSDK-2.2/Pebble/lib/libpebble.a(tmpZR3mVYpebble.o)
                0x000000000000169c                fonts_load_custom_font
 .text.fonts_unload_custom_font
                0x00000000000016a8        0xc /Users/alberto/Documents/Proyectos/pebble/PebbleSDK-2.2/Pebble/lib/libpebble.a(tmpZR3mVYpebble.o)
                0x00000000000016a8                fonts_unload_custom_font
 .text.gbitmap_create_with_resource
                0x00000000000016b4        0xc /Users/alberto/Documents/Proyectos/pebble/PebbleSDK-2.2/Pebble/lib/libpebble.a(tmpZR3mVYpebble.o)
                0x00000000000016b4                gbitmap_create_with_resource
 .text.gbitmap_destroy
                0x00000000000016c0        0xc /Users/alberto/Documents/Proyectos/pebble/PebbleSDK-2.2/Pebble/lib/libpebble.a(tmpZR3mVYpebble.o)
                0x00000000000016c0                gbitmap_destroy
 .text.graphics_context_set_fill_color
                0x00000000000016cc        0xc /Users/alberto/Documents/Proyectos/pebble/PebbleSDK-2.2/Pebble/lib/libpebble.a(tmpZR3mVYpebble.o)
                0x00000000000016cc                graphics_context_set_fill_color
 .text.graphics_context_set_stroke_color
                0x00000000000016d8        0xc /Users/alberto/Documents/Proyectos/pebble/PebbleSDK-2.2/Pebble/lib/libpebble.a(tmpZR3mVYpebble.o)
                0x00000000000016d8                graphics_context_set_stroke_color
 .text.graphics_context_set_text_color
                0x00000000000016e4        0xc /Users/alberto/Documents/Proyectos/pebble/PebbleSDK-2.2/Pebble/lib/libpebble.a(tmpZR3mVYpebble.o)
                0x00000000000016e4                graphics_context_set_text_color
 .text.graphics_draw_rect
                0x00000000000016f0        0xc /Users/alberto/Documents/Proyectos/pebble/PebbleSDK-2.2/Pebble/lib/libpebble.a(tmpZR3mVYpebble.o)
                0x00000000000016f0                graphics_draw_rect
 .text.graphics_fill_circle
                0x00000000000016fc        0xc /Users/alberto/Documents/Proyectos/pebble/PebbleSDK-2.2/Pebble/lib/libpebble.a(tmpZR3mVYpebble.o)
                0x00000000000016fc                graphics_fill_circle
 .text.graphics_fill_rect
                0x0000000000001708        0xc /Users/alberto/Documents/Proyectos/pebble/PebbleSDK-2.2/Pebble/lib/libpebble.a(tmpZR3mVYpebble.o)
                0x0000000000001708                graphics_fill_rect
 .text.layer_add_child
                0x0000000000001714        0xc /Users/alberto/Documents/Proyectos/pebble/PebbleSDK-2.2/Pebble/lib/libpebble.a(tmpZR3mVYpebble.o)
                0x0000000000001714                layer_add_child
 .text.layer_get_frame
                0x0000000000001720        0xc /Users/alberto/Documents/Proyectos/pebble/PebbleSDK-2.2/Pebble/lib/libpebble.a(tmpZR3mVYpebble.o)
                0x0000000000001720                layer_get_frame
 .text.layer_mark_dirty
                0x000000000000172c        0xc /Users/alberto/Documents/Proyectos/pebble/PebbleSDK-2.2/Pebble/lib/libpebble.a(tmpZR3mVYpebble.o)
                0x000000000000172c                layer_mark_dirty
 .text.layer_set_update_proc
                0x0000000000001738        0xc /Users/alberto/Documents/Proyectos/pebble/PebbleSDK-2.2/Pebble/lib/libpebble.a(tmpZR3mVYpebble.o)
                0x0000000000001738                layer_set_update_proc
 .text.localtime
                0x0000000000001744        0xc /Users/alberto/Documents/Proyectos/pebble/PebbleSDK-2.2/Pebble/lib/libpebble.a(tmpZR3mVYpebble.o)
                0x0000000000001744                localtime
 .text.memmove  0x0000000000001750        0xc /Users/alberto/Documents/Proyectos/pebble/PebbleSDK-2.2/Pebble/lib/libpebble.a(tmpZR3mVYpebble.o)
                0x0000000000001750                memmove
 .text.resource_get_handle
                0x000000000000175c        0xc /Users/alberto/Documents/Proyectos/pebble/PebbleSDK-2.2/Pebble/lib/libpebble.a(tmpZR3mVYpebble.o)
                0x000000000000175c                resource_get_handle
 .text.snprintf
                0x0000000000001768        0xc /Users/alberto/Documents/Proyectos/pebble/PebbleSDK-2.2/Pebble/lib/libpebble.a(tmpZR3mVYpebble.o)
                0x0000000000001768                snprintf
 .text.strftime
                0x0000000000001774        0xc /Users/alberto/Documents/Proyectos/pebble/PebbleSDK-2.2/Pebble/lib/libpebble.a(tmpZR3mVYpebble.o)
                0x0000000000001774                strftime
 .text.text_layer_create
                0x0000000000001780        0xc /Users/alberto/Documents/Proyectos/pebble/PebbleSDK-2.2/Pebble/lib/libpebble.a(tmpZR3mVYpebble.o)
                0x0000000000001780                text_layer_create
 .text.text_layer_destroy
                0x000000000000178c        0xc /Users/alberto/Documents/Proyectos/pebble/PebbleSDK-2.2/Pebble/lib/libpebble.a(tmpZR3mVYpebble.o)
                0x000000000000178c                text_layer_destroy
 .text.text_layer_get_layer
                0x0000000000001798        0xc /Users/alberto/Documents/Proyectos/pebble/PebbleSDK-2.2/Pebble/lib/libpebble.a(tmpZR3mVYpebble.o)
                0x0000000000001798                text_layer_get_layer
 .text.text_layer_set_background_color
                0x00000000000017a4        0xc /Users/alberto/Documents/Proyectos/pebble/PebbleSDK-2.2/Pebble/lib/libpebble.a(tmpZR3mVYpebble.o)
                0x00000000000017a4                text_layer_set_background_color
 .text.text_layer_set_font
                0x00000000000017b0        0xc /Users/alberto/Documents/Proyectos/pebble/PebbleSDK-2.2/Pebble/lib/libpebble.a(tmpZR3mVYpebble.o)
                0x00000000000017b0                text_layer_set_font
 .text.text_layer_set_text
                0x00000000000017bc        0xc /Users/alberto/Documents/Proyectos/pebble/PebbleSDK-2.2/Pebble/lib/libpebble.a(tmpZR3mVYpebble.o)
                0x00000000000017bc                text_layer_set_text
 .text.text_layer_set_text_alignment
                0x00000000000017c8        0xc /Users/alberto/Documents/Proyectos/pebble/PebbleSDK-2.2/Pebble/lib/libpebble.a(tmpZR3mVYpebble.o)
                0x00000000000017c8                text_layer_set_text_alignment
 .text.text_layer_set_text_color
                0x00000000000017d4        0xc /Users/alberto/Documents/Proyectos/pebble/PebbleSDK-2.2/Pebble/lib/libpebble.a(tmpZR3mVYpebble.o)
                0x00000000000017d4                text_layer_set_text_color
 .text.tick_timer_service_subscribe
                0x00000000000017e0        0xc /Users/alberto/Documents/Proyectos/pebble/PebbleSDK-2.2/Pebble/lib/libpebble.a(tmpZR3mVYpebble.o)
                0x00000000000017e0                tick_timer_service_subscribe
 .text.tick_timer_service_unsubscribe
                0x00000000000017ec        0xc /Users/alberto/Documents/Proyectos/pebble/PebbleSDK-2.2/Pebble/lib/libpebble.a(tmpZR3mVYpebble.o)
                0x00000000000017ec                tick_timer_service_unsubscribe
 .text.time     0x00000000000017f8        0xc /Users/alberto/Documents/Proyectos/pebble/PebbleSDK-2.2/Pebble/lib/libpebble.a(tmpZR3mVYpebble.o)
                0x00000000000017f8                time
 .text.vibes_double_pulse
                0x0000000000001804        0xc /Users/alberto/Documents/Proyectos/pebble/PebbleSDK-2.2/Pebble/lib/libpebble.a(tmpZR3mVYpebble.o)
                0x0000000000001804                vibes_double_pulse
 .text.window_create
                0x0000000000001810        0xc /Users/alberto/Documents/Proyectos/pebble/PebbleSDK-2.2/Pebble/lib/libpebble.a(tmpZR3mVYpebble.o)
                0x0000000000001810                window_create
 .text.window_destroy
                0x000000000000181c        0xc /Users/alberto/Documents/Proyectos/pebble/PebbleSDK-2.2/Pebble/lib/libpebble.a(tmpZR3mVYpebble.o)
                0x000000000000181c                window_destroy
 .text.window_get_root_layer
                0x0000000000001828        0xc /Users/alberto/Documents/Proyectos/pebble/PebbleSDK-2.2/Pebble/lib/libpebble.a(tmpZR3mVYpebble.o)
                0x0000000000001828                window_get_root_layer
 .text.window_set_background_color
                0x0000000000001834        0xc /Users/alberto/Documents/Proyectos/pebble/PebbleSDK-2.2/Pebble/lib/libpebble.a(tmpZR3mVYpebble.o)
                0x0000000000001834                window_set_background_color
 .text.window_set_fullscreen
                0x0000000000001840        0xc /Users/alberto/Documents/Proyectos/pebble/PebbleSDK-2.2/Pebble/lib/libpebble.a(tmpZR3mVYpebble.o)
                0x0000000000001840                window_set_fullscreen
 .text.window_stack_push
                0x000000000000184c        0xc /Users/alberto/Documents/Proyectos/pebble/PebbleSDK-2.2/Pebble/lib/libpebble.a(tmpZR3mVYpebble.o)
                0x000000000000184c                window_stack_push
 .text.app_message_inbox_size_maximum
                0x0000000000001858        0xc /Users/alberto/Documents/Proyectos/pebble/PebbleSDK-2.2/Pebble/lib/libpebble.a(tmpZR3mVYpebble.o)
                0x0000000000001858                app_message_inbox_size_maximum
 .text.app_message_outbox_begin
                0x0000000000001864        0xc /Users/alberto/Documents/Proyectos/pebble/PebbleSDK-2.2/Pebble/lib/libpebble.a(tmpZR3mVYpebble.o)
                0x0000000000001864                app_message_outbox_begin
 .text.app_message_outbox_send
                0x0000000000001870        0xc /Users/alberto/Documents/Proyectos/pebble/PebbleSDK-2.2/Pebble/lib/libpebble.a(tmpZR3mVYpebble.o)
                0x0000000000001870                app_message_outbox_send
 .text.app_message_outbox_size_maximum
                0x000000000000187c        0xc /Users/alberto/Documents/Proyectos/pebble/PebbleSDK-2.2/Pebble/lib/libpebble.a(tmpZR3mVYpebble.o)
                0x000000000000187c                app_message_outbox_size_maximum
 .text.graphics_draw_text
                0x0000000000001888        0xc /Users/alberto/Documents/Proyectos/pebble/PebbleSDK-2.2/Pebble/lib/libpebble.a(tmpZR3mVYpebble.o)
                0x0000000000001888                graphics_draw_text
 .text.graphics_text_layout_get_content_size
                0x0000000000001894        0xc /Users/alberto/Documents/Proyectos/pebble/PebbleSDK-2.2/Pebble/lib/libpebble.a(tmpZR3mVYpebble.o)
                0x0000000000001894                graphics_text_layout_get_content_size
 *(.rodata)
 .rodata        0x00000000000018a0       0xac src/main.c.26.o
 *(.rodata*)
 .rodata.str1.1
                0x000000000000194c      0x367 src/main.c.26.o
                                        0x36c (size before relaxing)
 *fill*         0x0000000000001cb3        0x1 
 .rodata.MOON_ICONS
                0x0000000000001cb4       0x20 src/main.c.26.o

.glue_7         0x0000000000001cd4        0x0
 .glue_7        0x0000000000000000        0x0 linker stubs

.glue_7t        0x0000000000001cd4        0x0
 .glue_7t       0x0000000000000000        0x0 linker stubs

.vfp11_veneer   0x0000000000001cd4        0x0
 .vfp11_veneer  0x0000000000000000        0x0 linker stubs

.v4_bx          0x0000000000001cd4        0x0
 .v4_bx         0x0000000000000000        0x0 linker stubs

.iplt           0x0000000000001cd4        0x0
 .iplt          0x0000000000000000        0x0 /Users/alberto/Documents/Proyectos/pebble/PebbleSDK-2.2/arm-cs-tools/bin/../lib/gcc/arm-none-eabi/4.7.2/thumb2/crtbegin.o

.rel.dyn        0x0000000000001cd4        0x0
 .rel.iplt      0x0000000000000000        0x0 /Users/alberto/Documents/Proyectos/pebble/PebbleSDK-2.2/arm-cs-tools/bin/../lib/gcc/arm-none-eabi/4.7.2/thumb2/crtbegin.o
 .rel.got       0x0000000000000000        0x0 /Users/alberto/Documents/Proyectos/pebble/PebbleSDK-2.2/arm-cs-tools/bin/../lib/gcc/arm-none-eabi/4.7.2/thumb2/crtbegin.o

.data           0x0000000000001cd4       0x6d
 *(.data)
 .data          0x0000000000001cd4        0x0 /Users/alberto/Documents/Proyectos/pebble/PebbleSDK-2.2/arm-cs-tools/bin/../lib/gcc/arm-none-eabi/4.7.2/thumb2/crti.o
 .data          0x0000000000001cd4        0x4 /Users/alberto/Documents/Proyectos/pebble/PebbleSDK-2.2/arm-cs-tools/bin/../lib/gcc/arm-none-eabi/4.7.2/thumb2/crtbegin.o
                0x0000000000001cd4                __dso_handle
 .data          0x0000000000001cd8        0x0 src/main.c.26.o
 .data          0x0000000000001cd8        0x0 src/util.c.26.o
 .data          0x0000000000001cd8        0x0 appinfo.auto.c.26.o
 .data          0x0000000000001cd8        0x0 /Users/alberto/Documents/Proyectos/pebble/PebbleSDK-2.2/Pebble/lib/libpebble.a(tmpZR3mVYpebble.o)
 .data          0x0000000000001cd8        0x0 /Users/alberto/Documents/Proyectos/pebble/PebbleSDK-2.2/arm-cs-tools/bin/../lib/gcc/arm-none-eabi/4.7.2/thumb2/crtend.o
 .data          0x0000000000001cd8        0x0 /Users/alberto/Documents/Proyectos/pebble/PebbleSDK-2.2/arm-cs-tools/bin/../lib/gcc/arm-none-eabi/4.7.2/thumb2/crtn.o
 *(.data.*)
 .data.rel.local.months
                0x0000000000001cd8       0x30 src/main.c.26.o
                0x0000000000001cd8                months
 .data.now_text.6553
                0x0000000000001d08        0x8 src/main.c.26.o
 .data.hour_text.6601
                0x0000000000001d10        0x3 src/main.c.26.o
 *fill*         0x0000000000001d13        0x1 
 .data.rel.local.days
                0x0000000000001d14       0x1c src/main.c.26.o
                0x0000000000001d14                days
 .data.date_text.6600
                0x0000000000001d30        0xd src/main.c.26.o
 .data.minute_text.6602
                0x0000000000001d3d        0x4 src/main.c.26.o

.igot.plt       0x0000000000001d44        0x0
 .igot.plt      0x0000000000000000        0x0 /Users/alberto/Documents/Proyectos/pebble/PebbleSDK-2.2/arm-cs-tools/bin/../lib/gcc/arm-none-eabi/4.7.2/thumb2/crtbegin.o

.got            0x0000000000001d44       0x50
 .got           0x0000000000001d44       0x50 /Users/alberto/Documents/Proyectos/pebble/PebbleSDK-2.2/arm-cs-tools/bin/../lib/gcc/arm-none-eabi/4.7.2/thumb2/crtbegin.o

.got.plt        0x0000000000001d94        0xc
 .got.plt       0x0000000000001d94        0xc /Users/alberto/Documents/Proyectos/pebble/PebbleSDK-2.2/arm-cs-tools/bin/../lib/gcc/arm-none-eabi/4.7.2/thumb2/crtbegin.o
                0x0000000000001d94                _GLOBAL_OFFSET_TABLE_

.bss            0x0000000000001da0      0x29c
 *(.bss)
 *(.bss.*)
 .bss.syncData  0x0000000000001da0       0x20 src/main.c.26.o
 .bss.moon_bitmap
                0x0000000000001dc0        0x4 src/main.c.26.o
 .bss.syncBuffer
                0x0000000000001dc4      0x200 src/main.c.26.o
 .bss.level.6505
                0x0000000000001fc4        0x4 src/main.c.26.o
 .bss.timer     0x0000000000001fc8        0x4 src/main.c.26.o
 .bss.toggle_layer
                0x0000000000001fcc        0x4 src/main.c.26.o
 .bss.window    0x0000000000001fd0        0x4 src/main.c.26.o
 .bss.buf.3937  0x0000000000001fd4        0x7 src/util.c.26.o
 *fill*         0x0000000000001fdb        0x1 
 COMMON         0x0000000000001fdc       0x60 src/main.c.26.o
                0x0000000000001fdc                time_font
                0x0000000000001fe0                Pebble
                0x0000000000001ff4                icon_text_layer
                0x0000000000001ff8                date_layer
                0x0000000000001ffc                battery_level_layer
                0x0000000000002000                street_font
                0x0000000000002004                street_layer
                0x0000000000002008                city_font
                0x000000000000200c                icomoon_font
                0x0000000000002010                time_layer
                0x0000000000002014                rain_layer
                0x0000000000002018                meteocons_font
                0x000000000000201c                temp_layer
                0x0000000000002020                temperature_font
                0x0000000000002024                moon_layer
                0x0000000000002028                indicators_layer
                0x000000000000202c                updated_layer
                0x0000000000002030                city_layer
                0x0000000000002034                weather_layer
                0x0000000000002038                date_font

DISCARD
 libc.a(*)
 libm.a(*)
 libgcc.a(*)
 *(.eh_frame)
OUTPUT(/Users/alberto/Documents/Proyectos/pebble/dante/build/pebble-app.elf elf32-littlearm)

.ARM.attributes
                0x0000000000000000       0x27
 .ARM.attributes
                0x0000000000000000       0x19 /Users/alberto/Documents/Proyectos/pebble/PebbleSDK-2.2/arm-cs-tools/bin/../lib/gcc/arm-none-eabi/4.7.2/thumb2/crti.o
 .ARM.attributes
                0x0000000000000019       0x29 /Users/alberto/Documents/Proyectos/pebble/PebbleSDK-2.2/arm-cs-tools/bin/../lib/gcc/arm-none-eabi/4.7.2/thumb2/crtbegin.o
 .ARM.attributes
                0x0000000000000042       0x33 src/main.c.26.o
 .ARM.attributes
                0x0000000000000075       0x33 src/util.c.26.o
 .ARM.attributes
                0x00000000000000a8       0x33 appinfo.auto.c.26.o
 .ARM.attributes
                0x00000000000000db       0x21 /Users/alberto/Documents/Proyectos/pebble/PebbleSDK-2.2/Pebble/lib/libpebble.a(tmpZR3mVYpebble.o)
 .ARM.attributes
                0x00000000000000fc       0x29 /Users/alberto/Documents/Proyectos/pebble/PebbleSDK-2.2/arm-cs-tools/bin/../lib/gcc/arm-none-eabi/4.7.2/thumb2/crtend.o
 .ARM.attributes
                0x0000000000000125       0x19 /Users/alberto/Documents/Proyectos/pebble/PebbleSDK-2.2/arm-cs-tools/bin/../lib/gcc/arm-none-eabi/4.7.2/thumb2/crtn.o

.comment        0x0000000000000000       0x4e
 .comment       0x0000000000000000       0x4e /Users/alberto/Documents/Proyectos/pebble/PebbleSDK-2.2/arm-cs-tools/bin/../lib/gcc/arm-none-eabi/4.7.2/thumb2/crtbegin.o
                                         0x4f (size before relaxing)
 .comment       0x0000000000000000       0x4f src/main.c.26.o
 .comment       0x0000000000000000       0x4f src/util.c.26.o
 .comment       0x0000000000000000       0x4f appinfo.auto.c.26.o
 .comment       0x0000000000000000       0x4f /Users/alberto/Documents/Proyectos/pebble/PebbleSDK-2.2/arm-cs-tools/bin/../lib/gcc/arm-none-eabi/4.7.2/thumb2/crtend.o

.debug_info     0x0000000000000000     0x2e97
 .debug_info    0x0000000000000000     0x2a3d src/main.c.26.o
 .debug_info    0x0000000000002a3d       0x9f src/util.c.26.o
 .debug_info    0x0000000000002adc      0x3bb appinfo.auto.c.26.o

.debug_abbrev   0x0000000000000000      0x582
 .debug_abbrev  0x0000000000000000      0x447 src/main.c.26.o
 .debug_abbrev  0x0000000000000447       0x90 src/util.c.26.o
 .debug_abbrev  0x00000000000004d7       0xab appinfo.auto.c.26.o

.debug_loc      0x0000000000000000      0xcf9
 .debug_loc     0x0000000000000000      0xc46 src/main.c.26.o
 .debug_loc     0x0000000000000c46       0xb3 src/util.c.26.o

.debug_aranges  0x0000000000000000       0xb8
 .debug_aranges
                0x0000000000000000       0x80 src/main.c.26.o
 .debug_aranges
                0x0000000000000080       0x20 src/util.c.26.o
 .debug_aranges
                0x00000000000000a0       0x18 appinfo.auto.c.26.o

.debug_ranges   0x0000000000000000       0xc0
 .debug_ranges  0x0000000000000000       0xb0 src/main.c.26.o
 .debug_ranges  0x00000000000000b0       0x10 src/util.c.26.o

.debug_line     0x0000000000000000      0x7a5
 .debug_line    0x0000000000000000      0x607 src/main.c.26.o
 .debug_line    0x0000000000000607       0x62 src/util.c.26.o
 .debug_line    0x0000000000000669      0x13c appinfo.auto.c.26.o

.debug_str      0x0000000000000000     0x1569
 .debug_str     0x0000000000000000     0x1383 src/main.c.26.o
                                       0x1463 (size before relaxing)
 .debug_str     0x0000000000001383        0xe src/util.c.26.o
                                         0x63 (size before relaxing)
 .debug_str     0x0000000000001391      0x1d8 appinfo.auto.c.26.o
                                        0x4a6 (size before relaxing)

.debug_frame    0x0000000000000000      0x1c4
 .debug_frame   0x0000000000000000      0x19c src/main.c.26.o
 .debug_frame   0x000000000000019c       0x28 src/util.c.26.o
